// Vitest Snapshot v1, https://vitest.dev/guide/snapshot.html

exports[`SearchBox > matches the snapshot 1`] = `"<div class="flex w-72 flex-col gap-2"><input data-testid="searchbox" type="text" placeholder="Search" class="input input-bordered" id="search"> <!----></div>"`;
