// Vitest Snapshot v1, https://vitest.dev/guide/snapshot.html

exports[`Map > it matches the snapshot 1`] = `"<div data-testid="map" class="h-screen w-screen mapboxgl-map"><div class="mapboxgl-canary" style="visibility: hidden;"></div><div class="mapboxgl-canvas-container mapboxgl-interactive mapboxgl-touch-drag-pan mapboxgl-touch-zoom-rotate"><canvas class="mapboxgl-canvas" tabindex="0" aria-label="Map" role="region" width="621" height="1344" style="width: 414px; height: 896px;"></canvas></div><div class="mapboxgl-control-container"><div class="mapboxgl-ctrl-top-left"></div><div class="mapboxgl-ctrl-top"></div><div class="mapboxgl-ctrl-top-right"></div><div class="mapboxgl-ctrl-right"></div><div class="mapboxgl-ctrl-bottom-right"><div class="mapboxgl-ctrl mapboxgl-ctrl-attrib mapboxgl-attrib-empty mapboxgl-compact"><button class="mapboxgl-ctrl-attrib-button" type="button" aria-label="Toggle attribution"><span class="mapboxgl-ctrl-icon" aria-hidden="true" title="Toggle attribution"></span></button><div class="mapboxgl-ctrl-attrib-inner"></div></div></div><div class="mapboxgl-ctrl-bottom"></div><div class="mapboxgl-ctrl-bottom-left"><div class="mapboxgl-ctrl" style="display: block;"><a class="mapboxgl-ctrl-logo" target="_blank" rel="noopener nofollow" href="https://www.mapbox.com/" aria-label="Mapbox homepage"></a></div></div><div class="mapboxgl-ctrl-left"></div></div></div>"`;
