// Vitest Snapshot v1, https://vitest.dev/guide/snapshot.html

exports[`SidebarItem > matches the snapshot 1`] = `"<div class="m-2 flex flex-col rounded border-2 border-black p-2" role="menuitem"><input type="text" class="input w-full max-w-xs"> <div class="flex flex-auto items-center gap-1 pt-2"><svg viewBox="0 0 24 24" width="1.2em" height="1.2em" class="size-4 shrink-0"><path fill="currentColor" d="M12 2c3.31 0 6 2.66 6 5.95C18 12.41 12 19 12 19S6 12.41 6 7.95C6 4.66 8.69 2 12 2m0 4a2 2 0 0 0-2 2a2 2 0 0 0 2 2a2 2 0 0 0 2-2a2 2 0 0 0-2-2m8 13c0 2.21-3.58 4-8 4s-8-1.79-8-4c0-1.29 1.22-2.44 3.11-3.17l.64.91C6.67 17.19 6 17.81 6 18.5c0 1.38 2.69 2.5 6 2.5s6-1.12 6-2.5c0-.69-.67-1.31-1.75-1.76l.64-.91C18.78 16.56 20 17.71 20 19"></path></svg><!----> <div class="p-0 leading-none" data-testid="geocode"><!----></div></div></div>"`;
